
> lama-dev-next-dashboard@0.1.0 start
> next start

  ▲ Next.js 14.2.5
  - Local:        http://localhost:3000

 ✓ Starting...
 ✓ Ready in 200ms
 ⨯ Error: Cannot find module './vendor-chunks/next.js'
Require stack:
- /Users/faresselmi/projects/hi/SnapSchool_Web/.next/server/webpack-runtime.js
- /Users/faresselmi/projects/hi/SnapSchool_Web/.next/server/pages/_document.js
- /Users/faresselmi/projects/hi/SnapSchool_Web/node_modules/next/dist/server/require.js
- /Users/faresselmi/projects/hi/SnapSchool_Web/node_modules/next/dist/server/next-server.js
- /Users/faresselmi/projects/hi/SnapSchool_Web/node_modules/next/dist/server/next.js
- /Users/faresselmi/projects/hi/SnapSchool_Web/node_modules/next/dist/server/lib/start-server.js
- /Users/faresselmi/projects/hi/SnapSchool_Web/node_modules/next/dist/cli/next-start.js
    at Module.<anonymous> (node:internal/modules/cjs/loader:1568:15)
    at /Users/faresselmi/projects/hi/SnapSchool_Web/node_modules/next/dist/server/require-hook.js:55:36
    at wrapResolveFilename (node:internal/modules/cjs/loader:1122:27)
    at defaultResolveImplForCJSLoading (node:internal/modules/cjs/loader:1146:10)
    at resolveForCJSWithHooks (node:internal/modules/cjs/loader:1173:12)
    at Module._load (node:internal/modules/cjs/loader:1345:5)
    at wrapModuleLoad (node:internal/modules/cjs/loader:260:19)
    at Module.<anonymous> (node:internal/modules/cjs/loader:1689:12)
    at mod.require (/Users/faresselmi/projects/hi/SnapSchool_Web/node_modules/next/dist/server/require-hook.js:65:28)
    at require (node:internal/modules/helpers:191:16) {
  code: 'MODULE_NOT_FOUND',
  requireStack: [
    '/Users/faresselmi/projects/hi/SnapSchool_Web/.next/server/webpack-runtime.js',
    '/Users/faresselmi/projects/hi/SnapSchool_Web/.next/server/pages/_document.js',
    '/Users/faresselmi/projects/hi/SnapSchool_Web/node_modules/next/dist/server/require.js',
    '/Users/faresselmi/projects/hi/SnapSchool_Web/node_modules/next/dist/server/next-server.js',
    '/Users/faresselmi/projects/hi/SnapSchool_Web/node_modules/next/dist/server/next.js',
    '/Users/faresselmi/projects/hi/SnapSchool_Web/node_modules/next/dist/server/lib/start-server.js',
    '/Users/faresselmi/projects/hi/SnapSchool_Web/node_modules/next/dist/cli/next-start.js'
  ]
}
 ⨯ Error: Cannot find module './1682.js'
Require stack:
- /Users/faresselmi/projects/hi/SnapSchool_Web/.next/server/webpack-runtime.js
- /Users/faresselmi/projects/hi/SnapSchool_Web/.next/server/pages/_document.js
- /Users/faresselmi/projects/hi/SnapSchool_Web/node_modules/next/dist/server/require.js
- /Users/faresselmi/projects/hi/SnapSchool_Web/node_modules/next/dist/server/next-server.js
- /Users/faresselmi/projects/hi/SnapSchool_Web/node_modules/next/dist/server/next.js
- /Users/faresselmi/projects/hi/SnapSchool_Web/node_modules/next/dist/server/lib/start-server.js
- /Users/faresselmi/projects/hi/SnapSchool_Web/node_modules/next/dist/cli/next-start.js
    at Module.<anonymous> (node:internal/modules/cjs/loader:1568:15)
    at /Users/faresselmi/projects/hi/SnapSchool_Web/node_modules/next/dist/server/require-hook.js:55:36
    at wrapResolveFilename (node:internal/modules/cjs/loader:1122:27)
    at defaultResolveImplForCJSLoading (node:internal/modules/cjs/loader:1146:10)
    at resolveForCJSWithHooks (node:internal/modules/cjs/loader:1173:12)
    at Module._load (node:internal/modules/cjs/loader:1345:5)
    at wrapModuleLoad (node:internal/modules/cjs/loader:260:19)
    at Module.<anonymous> (node:internal/modules/cjs/loader:1689:12)
    at mod.require (/Users/faresselmi/projects/hi/SnapSchool_Web/node_modules/next/dist/server/require-hook.js:65:28)
    at require (node:internal/modules/helpers:191:16) {
  code: 'MODULE_NOT_FOUND',
  requireStack: [
    '/Users/faresselmi/projects/hi/SnapSchool_Web/.next/server/webpack-runtime.js',
    '/Users/faresselmi/projects/hi/SnapSchool_Web/.next/server/pages/_document.js',
    '/Users/faresselmi/projects/hi/SnapSchool_Web/node_modules/next/dist/server/require.js',
    '/Users/faresselmi/projects/hi/SnapSchool_Web/node_modules/next/dist/server/next-server.js',
    '/Users/faresselmi/projects/hi/SnapSchool_Web/node_modules/next/dist/server/next.js',
    '/Users/faresselmi/projects/hi/SnapSchool_Web/node_modules/next/dist/server/lib/start-server.js',
    '/Users/faresselmi/projects/hi/SnapSchool_Web/node_modules/next/dist/cli/next-start.js'
  ]
}
